// Jest Snapshot v1, https://goo.gl/fbAQLP

exports[`Testing the profile pages rendering contents can show user-information 1`] = `"<div class=\\"mainProfilePage\\"><h2>You are currently logged in as</h2><div><h2>Tjorven</h2></div></div>"`;

exports[`Testing the profile pages rendering contents shows error view 1`] = `"<div class=\\"mainContainerLogin\\"><h1>An error has occurred</h1><div>Error: Failed to load</div></div>"`;

exports[`Testing the profile pages rendering contents shows loading 1`] = `"<div>Loading.....</div>"`;
